// Jest Snapshot v1, https://goo.gl/fbAQLP

exports[`<TrackConfig /> Should render and match the snapshot 1`] = `
<div
  class="TrackConfig__Container-ouodsg-0 ddcwJq"
>
  <input
    class="InputText-wtwjzw-0 dmSRq"
    font-size="0.75em"
    transform="uppercase"
    type="text"
    value=""
    width="97%"
  />
  <button
    class="TrackConfig__Select-ouodsg-1 cstDwF"
    type="button"
  >
    Select
  </button>
  <div>
    <div
      style="display: inline-block;"
    >
      <div
        class="rc-slider"
        style="width: 75px; height: 5px; margin: 0.5em 0.5em; z-index: 0;"
      >
        <div
          class="rc-slider-rail"
        />
        <div
          class="rc-slider-track"
          style="left: 0%; width: 100%;"
        />
        <div
          class="rc-slider-step"
        />
        <div
          aria-disabled="false"
          aria-valuemax="0"
          aria-valuemin="-60"
          aria-valuenow="0"
          class="rc-slider-handle"
          role="slider"
          style="left: 100%; transform: translateX(-50%);"
          tabindex="0"
        />
        <div
          class="rc-slider-mark"
        />
      </div>
    </div>
  </div>
</div>
`;
