// Jest Snapshot v1, https://goo.gl/fbAQLP

exports[`<Track /> Should render and match the snapshot 1`] = `
<div
  class="Track__Wrapper-sc-17o6f3r-0 jHwszc"
>
  <div
    class="Track__Info-sc-17o6f3r-1 duuJEJ"
  >
    <h2
      class="Track__Name-sc-17o6f3r-2 hDbucE"
    >
      Snare
    </h2>
    <div
      style="display: inline-block;"
    >
      <div
        class="rc-slider"
        style="width: 120px; margin: 0.5em 1em;"
      >
        <div
          class="rc-slider-rail"
        />
        <div
          class="rc-slider-track"
          style="left: 0%; width: 100%;"
        />
        <div
          class="rc-slider-step"
        />
        <div
          aria-disabled="false"
          aria-valuemax="0"
          aria-valuemin="-55"
          aria-valuenow="0"
          class="rc-slider-handle"
          role="slider"
          style="left: 100%; transform: translateX(-50%);"
          tabindex="0"
        />
        <div
          class="rc-slider-mark"
        />
      </div>
    </div>
  </div>
  <div
    class="Steps__Wrapper-t45jos-0 bSAvrd"
  >
    <button
      class="Step__StepButton-m11x8-0 epBtBi"
    />
    <button
      class="Step__StepButton-m11x8-0 epBtBi"
    />
    <button
      class="Step__StepButton-m11x8-0 epBtBi"
    />
    <button
      class="Step__StepButton-m11x8-0 epBtBi"
    />
    <button
      class="Step__StepButton-m11x8-0 dVtXYK"
    />
    <button
      class="Step__StepButton-m11x8-0 dVtXYK"
    />
    <button
      class="Step__StepButton-m11x8-0 dVtXYK"
    />
    <button
      class="Step__StepButton-m11x8-0 dVtXYK"
    />
    <button
      class="Step__StepButton-m11x8-0 epBtBi"
    />
    <button
      class="Step__StepButton-m11x8-0 epBtBi"
    />
    <button
      class="Step__StepButton-m11x8-0 epBtBi"
    />
    <button
      class="Step__StepButton-m11x8-0 epBtBi"
    />
    <button
      class="Step__StepButton-m11x8-0 dVtXYK"
    />
    <button
      class="Step__StepButton-m11x8-0 dVtXYK"
    />
    <button
      class="Step__StepButton-m11x8-0 dVtXYK"
    />
    <button
      class="Step__StepButton-m11x8-0 dVtXYK"
    />
  </div>
</div>
`;
